// Jest Snapshot v1, https://goo.gl/fbAQLP

exports[`GcloudPubSubService publishMessage Publishing a new message handles Buffer as data 1`] = `
{
  "data": [
    89,
    111,
    117,
    32,
    84,
    114,
    105,
    101,
    100,
    32,
    89,
    111,
    117,
    114,
    32,
    66,
    101,
    115,
    116,
    32,
    97,
    110,
    100,
    32,
    89,
    111,
    117,
    32,
    70,
    97,
    105,
    108,
    101,
    100,
    32,
    77,
    105,
    115,
    101,
    114,
    97,
    98,
    108,
    121,
    46,
    32,
    84,
    104,
    101,
    32,
    76,
    101,
    115,
    115,
    111,
    110,
    32,
    73,
    115,
    32,
    78,
    101,
    118,
    101,
    114,
    32,
    84,
    114,
    121,
  ],
  "type": "Buffer",
}
`;

exports[`GcloudPubSubService publishMessage Publishing a new message handles a SharedArrayBuffer as data 1`] = `
{
  "data": [
    0,
  ],
  "type": "Buffer",
}
`;

exports[`GcloudPubSubService publishMessage Publishing a new message handles a Uint8Array as data 1`] = `
{
  "data": [
    1,
    2,
    3,
  ],
  "type": "Buffer",
}
`;

exports[`GcloudPubSubService publishMessage Publishing a new message handles a string and binary encoding 1`] = `
{
  "data": [
    89,
    111,
    117,
    32,
    84,
    114,
    105,
    101,
    100,
    32,
    89,
    111,
    117,
    114,
    32,
    66,
    101,
    115,
    116,
    32,
    97,
    110,
    100,
    32,
    89,
    111,
    117,
    32,
    70,
    97,
    105,
    108,
    101,
    100,
    32,
    77,
    105,
    115,
    101,
    114,
    97,
    98,
    108,
    121,
    46,
    32,
    84,
    104,
    101,
    32,
    76,
    101,
    115,
    115,
    111,
    110,
    32,
    73,
    115,
    32,
    78,
    101,
    118,
    101,
    114,
    32,
    84,
    114,
    121,
  ],
  "type": "Buffer",
}
`;

exports[`GcloudPubSubService publishMessage Publishing a new message handles an ArrayBuffer as data 1`] = `
{
  "data": [
    0,
  ],
  "type": "Buffer",
}
`;

exports[`GcloudPubSubService publishMessage Publishing a new message handles an array of numbers as data 1`] = `
{
  "data": [
    10,
    20,
    30,
    40,
    50,
  ],
  "type": "Buffer",
}
`;

exports[`GcloudPubSubService publishMessage Publishing a new message handles string as data 1`] = `
{
  "data": [
    89,
    111,
    117,
    32,
    84,
    114,
    105,
    101,
    100,
    32,
    89,
    111,
    117,
    114,
    32,
    66,
    101,
    115,
    116,
    32,
    97,
    110,
    100,
    32,
    89,
    111,
    117,
    32,
    70,
    97,
    105,
    108,
    101,
    100,
    32,
    77,
    105,
    115,
    101,
    114,
    97,
    98,
    108,
    121,
    46,
    32,
    84,
    104,
    101,
    32,
    76,
    101,
    115,
    115,
    111,
    110,
    32,
    73,
    115,
    32,
    78,
    101,
    118,
    101,
    114,
    32,
    84,
    114,
    121,
  ],
  "type": "Buffer",
}
`;
